[error] variable relation contains reserved column "label" 
c?(label int,
   s text,
   n int,
   t text).

