[error] Variable y must have bindings
b(x)  :-
    a(x)
  weight = y.

