[error] Variable y does not have bindings
Q(y)  :-
    a(x).

