
  deepdive.db.default {
    driver: "org.postgresql.Driver"
    url: "jdbc:postgresql://"${PGHOST}":"${PGPORT}"/"${DBNAME}
    user: ${PGUSER}
    password: ${PGPASSWORD}
    dbname: ${DBNAME}
    host: ${PGHOST}
    port: ${PGPORT}
    incremental_mode: MERGE
    }
    


      deepdive.schema.variables {
        
      }
    

      deepdive.extraction.extractors.extraction_rule_1 {
        sql: """ TRUNCATE sentences;
        INSERT INTO sentences SELECT R0.document_id, R0.sentence, R0.words, R0.lemma, R0.pos_tags, R0.dependencies, R0.ner_tags, R0.sentence_offset, R0.sentence_id
FROM dd_new_sentences R0
        
        """
        style: "sql_extractor"
          
      }
    

      deepdive.extraction.extractors.extraction_rule_3 {
        sql: """ TRUNCATE has_spouse_candidates;
        INSERT INTO has_spouse_candidates SELECT R0.person1_id, R0.person2_id, R0.sentence_id, R0.description, R0.relation_id, R0.is_true
FROM dd_new_has_spouse_candidates R0
        
        """
        style: "sql_extractor"
          
      }
    

      deepdive.extraction.extractors.extraction_rule_0 {
        sql: """ TRUNCATE articles;
        INSERT INTO articles SELECT R0.article_id, R0.text
FROM dd_new_articles R0
        
        """
        style: "sql_extractor"
          
      }
    

      deepdive.extraction.extractors.extraction_rule_4 {
        sql: """ TRUNCATE has_spouse_features;
        INSERT INTO has_spouse_features SELECT R0.relation_id, R0.feature
FROM dd_new_has_spouse_features R0
        
        """
        style: "sql_extractor"
          
      }
    

      deepdive.extraction.extractors.extraction_rule_2 {
        sql: """ TRUNCATE people_mentions;
        INSERT INTO people_mentions SELECT R0.sentence_id, R0.start_position, R0.length, R0.text, R0.mention_id
FROM dd_new_people_mentions R0
        
        """
        style: "sql_extractor"
          
      }
    
deepdive.pipeline.run: ${PIPELINE}
deepdive.pipeline.pipelines.extraction: [extraction_rule_0, extraction_rule_3, extraction_rule_4, extraction_rule_2, extraction_rule_1]
deepdive.pipeline.pipelines.endtoend: [extraction_rule_0, extraction_rule_3, extraction_rule_4, extraction_rule_2, extraction_rule_1]
