{"relations" : {"mention_candidate" : {"columns" : {"doc_id" : {"type" : "text"}, "start_pos" : {"type" : "int", "annotations" : [{"name" : "textspan_start"}]}, "len" : {"type" : "int", "annotations" : [{"name" : "textspan_length"}]}}, "annotations" : [{"name" : "textspan", "args" : {"from" : "start_pos", "length" : "len"}}]}, "R" : {"columns" : {"p" : {"type" : "text"}, "q" : {"type" : "int"}, "r" : {"type" : "float", "annotations" : [{"name" : "empty_args", "args" : {}}]}}, "annotations" : [{"name" : "foo"}, {"name" : "bar", "args" : {"x" : 1}}, {"name" : "qux", "args" : {"y" : 2.345}}, {"name" : "unnamed_args_list", "args" : [1, "two", 3.0]}, {"name" : "unnamed_args_list", "args" : ["four", 5.6, 7]}]}}}
