[error] function "ext" is not defined
Q :- !ext(a).
    
