[error] Weight variables can contain at most one constant
a(x)  :-
    b(x, y, _, _)
  weight = 1, 2.

