[error] Variable x does not have bindings
Q(y)  :-
    a(y),
    x > 100.

